// Jest Snapshot v1, https://goo.gl/fbAQLP

exports[`asdinnjnas 1`] = `
ShallowWrapper {
  Symbol(enzyme.__root__): [Circular],
  Symbol(enzyme.__unrendered__): <ExpensesSummary
    expenses={
        Array [
            Object {
              "amount": 195,
              "createdAt": 0,
              "description": "gum",
              "id": "1",
              "note": "",
            },
            Object {
              "amount": 109500,
              "createdAt": -345600000,
              "description": "Rent",
              "id": "2",
              "note": "",
            },
            Object {
              "amount": 4500,
              "createdAt": 345600000,
              "description": "Credit Card",
              "id": "3",
              "note": "",
            },
          ]
    }
/>,
  Symbol(enzyme.__renderer__): Object {
    "batchedUpdates": [Function],
    "checkPropTypes": [Function],
    "getNode": [Function],
    "render": [Function],
    "simulateError": [Function],
    "simulateEvent": [Function],
    "unmount": [Function],
  },
  Symbol(enzyme.__node__): Object {
    "instance": null,
    "key": undefined,
    "nodeType": "host",
    "props": Object {
      "children": <div
        className="content-container"
>
        <h1
                className="page-header__title"
        >
                Viewing 
                <span>
                        3
                </span>
                 expense
                s
                 totaling 
                <span>
                        $1,141.95
                </span>
        </h1>
        <div
                className="page-header__actions"
        >
                <Link
                        className="button"
                        replace={false}
                        to="/create"
                >
                        AddExpense
                </Link>
        </div>
</div>,
      "className": "page-header",
    },
    "ref": null,
    "rendered": Object {
      "instance": null,
      "key": undefined,
      "nodeType": "host",
      "props": Object {
        "children": Array [
          <h1
            className="page-header__title"
>
            Viewing 
            <span>
                        3
            </span>
             expense
            s
             totaling 
            <span>
                        $1,141.95
            </span>
</h1>,
          <div
            className="page-header__actions"
>
            <Link
                        className="button"
                        replace={false}
                        to="/create"
            >
                        AddExpense
            </Link>
</div>,
        ],
        "className": "content-container",
      },
      "ref": null,
      "rendered": Array [
        Object {
          "instance": null,
          "key": undefined,
          "nodeType": "host",
          "props": Object {
            "children": Array [
              "Viewing ",
              <span>
                3
</span>,
              " expense",
              "s",
              " totaling ",
              <span>
                $1,141.95
</span>,
            ],
            "className": "page-header__title",
          },
          "ref": null,
          "rendered": Array [
            "Viewing ",
            Object {
              "instance": null,
              "key": undefined,
              "nodeType": "host",
              "props": Object {
                "children": 3,
              },
              "ref": null,
              "rendered": 3,
              "type": "span",
            },
            " expense",
            "s",
            " totaling ",
            Object {
              "instance": null,
              "key": undefined,
              "nodeType": "host",
              "props": Object {
                "children": "$1,141.95",
              },
              "ref": null,
              "rendered": "$1,141.95",
              "type": "span",
            },
          ],
          "type": "h1",
        },
        Object {
          "instance": null,
          "key": undefined,
          "nodeType": "host",
          "props": Object {
            "children": <Link
              className="button"
              replace={false}
              to="/create"
>
              AddExpense
</Link>,
            "className": "page-header__actions",
          },
          "ref": null,
          "rendered": Object {
            "instance": null,
            "key": undefined,
            "nodeType": "class",
            "props": Object {
              "children": "AddExpense",
              "className": "button",
              "replace": false,
              "to": "/create",
            },
            "ref": null,
            "rendered": "AddExpense",
            "type": [Function],
          },
          "type": "div",
        },
      ],
      "type": "div",
    },
    "type": "div",
  },
  Symbol(enzyme.__nodes__): Array [
    Object {
      "instance": null,
      "key": undefined,
      "nodeType": "host",
      "props": Object {
        "children": <div
          className="content-container"
>
          <h1
                    className="page-header__title"
          >
                    Viewing 
                    <span>
                              3
                    </span>
                     expense
                    s
                     totaling 
                    <span>
                              $1,141.95
                    </span>
          </h1>
          <div
                    className="page-header__actions"
          >
                    <Link
                              className="button"
                              replace={false}
                              to="/create"
                    >
                              AddExpense
                    </Link>
          </div>
</div>,
        "className": "page-header",
      },
      "ref": null,
      "rendered": Object {
        "instance": null,
        "key": undefined,
        "nodeType": "host",
        "props": Object {
          "children": Array [
            <h1
              className="page-header__title"
>
              Viewing 
              <span>
                            3
              </span>
               expense
              s
               totaling 
              <span>
                            $1,141.95
              </span>
</h1>,
            <div
              className="page-header__actions"
>
              <Link
                            className="button"
                            replace={false}
                            to="/create"
              >
                            AddExpense
              </Link>
</div>,
          ],
          "className": "content-container",
        },
        "ref": null,
        "rendered": Array [
          Object {
            "instance": null,
            "key": undefined,
            "nodeType": "host",
            "props": Object {
              "children": Array [
                "Viewing ",
                <span>
                  3
</span>,
                " expense",
                "s",
                " totaling ",
                <span>
                  $1,141.95
</span>,
              ],
              "className": "page-header__title",
            },
            "ref": null,
            "rendered": Array [
              "Viewing ",
              Object {
                "instance": null,
                "key": undefined,
                "nodeType": "host",
                "props": Object {
                  "children": 3,
                },
                "ref": null,
                "rendered": 3,
                "type": "span",
              },
              " expense",
              "s",
              " totaling ",
              Object {
                "instance": null,
                "key": undefined,
                "nodeType": "host",
                "props": Object {
                  "children": "$1,141.95",
                },
                "ref": null,
                "rendered": "$1,141.95",
                "type": "span",
              },
            ],
            "type": "h1",
          },
          Object {
            "instance": null,
            "key": undefined,
            "nodeType": "host",
            "props": Object {
              "children": <Link
                className="button"
                replace={false}
                to="/create"
>
                AddExpense
</Link>,
              "className": "page-header__actions",
            },
            "ref": null,
            "rendered": Object {
              "instance": null,
              "key": undefined,
              "nodeType": "class",
              "props": Object {
                "children": "AddExpense",
                "className": "button",
                "replace": false,
                "to": "/create",
              },
              "ref": null,
              "rendered": "AddExpense",
              "type": [Function],
            },
            "type": "div",
          },
        ],
        "type": "div",
      },
      "type": "div",
    },
  ],
  Symbol(enzyme.__options__): Object {
    "adapter": ReactSixteenAdapter {
      "options": Object {
        "enableComponentDidUpdateOnSetState": true,
        "legacyContextMode": "parent",
        "lifecycles": Object {
          "componentDidUpdate": Object {
            "onSetState": true,
          },
          "getChildContext": Object {
            "calledByRenderer": false,
          },
          "getDerivedStateFromError": true,
          "getDerivedStateFromProps": Object {
            "hasShouldComponentUpdateBug": false,
          },
          "getSnapshotBeforeUpdate": true,
          "setState": Object {
            "skipsComponentDidUpdateOnNullish": true,
          },
        },
      },
    },
    Symbol(enzyme.__providerValues__): undefined,
  },
  Symbol(enzyme.__providerValues__): Map {},
}
`;
