// Jest Snapshot v1, https://goo.gl/fbAQLP

exports[`adsadasdasd 1`] = `
ShallowWrapper {
  Symbol(enzyme.__root__): [Circular],
  Symbol(enzyme.__unrendered__): <LoginPage />,
  Symbol(enzyme.__renderer__): Object {
    "batchedUpdates": [Function],
    "checkPropTypes": [Function],
    "getNode": [Function],
    "render": [Function],
    "simulateError": [Function],
    "simulateEvent": [Function],
    "unmount": [Function],
  },
  Symbol(enzyme.__node__): Object {
    "instance": null,
    "key": undefined,
    "nodeType": "host",
    "props": Object {
      "children": <div
        className="box-layout__box"
>
        <h1
                className="box-layout__title"
        >
                Expensify App
        </h1>
        <p>
                It's time to get your expenses under control.
        </p>
        <button
                className="button"
                onClick={undefined}
        >
                Login
        </button>
</div>,
      "className": "box-layout",
    },
    "ref": null,
    "rendered": Object {
      "instance": null,
      "key": undefined,
      "nodeType": "host",
      "props": Object {
        "children": Array [
          <h1
            className="box-layout__title"
>
            Expensify App
</h1>,
          <p>
            It's time to get your expenses under control.
</p>,
          <button
            className="button"
            onClick={undefined}
>
            Login
</button>,
        ],
        "className": "box-layout__box",
      },
      "ref": null,
      "rendered": Array [
        Object {
          "instance": null,
          "key": undefined,
          "nodeType": "host",
          "props": Object {
            "children": "Expensify App",
            "className": "box-layout__title",
          },
          "ref": null,
          "rendered": "Expensify App",
          "type": "h1",
        },
        Object {
          "instance": null,
          "key": undefined,
          "nodeType": "host",
          "props": Object {
            "children": "It's time to get your expenses under control.",
          },
          "ref": null,
          "rendered": "It's time to get your expenses under control.",
          "type": "p",
        },
        Object {
          "instance": null,
          "key": undefined,
          "nodeType": "host",
          "props": Object {
            "children": "Login",
            "className": "button",
            "onClick": undefined,
          },
          "ref": null,
          "rendered": "Login",
          "type": "button",
        },
      ],
      "type": "div",
    },
    "type": "div",
  },
  Symbol(enzyme.__nodes__): Array [
    Object {
      "instance": null,
      "key": undefined,
      "nodeType": "host",
      "props": Object {
        "children": <div
          className="box-layout__box"
>
          <h1
                    className="box-layout__title"
          >
                    Expensify App
          </h1>
          <p>
                    It's time to get your expenses under control.
          </p>
          <button
                    className="button"
                    onClick={undefined}
          >
                    Login
          </button>
</div>,
        "className": "box-layout",
      },
      "ref": null,
      "rendered": Object {
        "instance": null,
        "key": undefined,
        "nodeType": "host",
        "props": Object {
          "children": Array [
            <h1
              className="box-layout__title"
>
              Expensify App
</h1>,
            <p>
              It's time to get your expenses under control.
</p>,
            <button
              className="button"
              onClick={undefined}
>
              Login
</button>,
          ],
          "className": "box-layout__box",
        },
        "ref": null,
        "rendered": Array [
          Object {
            "instance": null,
            "key": undefined,
            "nodeType": "host",
            "props": Object {
              "children": "Expensify App",
              "className": "box-layout__title",
            },
            "ref": null,
            "rendered": "Expensify App",
            "type": "h1",
          },
          Object {
            "instance": null,
            "key": undefined,
            "nodeType": "host",
            "props": Object {
              "children": "It's time to get your expenses under control.",
            },
            "ref": null,
            "rendered": "It's time to get your expenses under control.",
            "type": "p",
          },
          Object {
            "instance": null,
            "key": undefined,
            "nodeType": "host",
            "props": Object {
              "children": "Login",
              "className": "button",
              "onClick": undefined,
            },
            "ref": null,
            "rendered": "Login",
            "type": "button",
          },
        ],
        "type": "div",
      },
      "type": "div",
    },
  ],
  Symbol(enzyme.__options__): Object {
    "adapter": ReactSixteenAdapter {
      "options": Object {
        "enableComponentDidUpdateOnSetState": true,
        "legacyContextMode": "parent",
        "lifecycles": Object {
          "componentDidUpdate": Object {
            "onSetState": true,
          },
          "getChildContext": Object {
            "calledByRenderer": false,
          },
          "getDerivedStateFromError": true,
          "getDerivedStateFromProps": Object {
            "hasShouldComponentUpdateBug": false,
          },
          "getSnapshotBeforeUpdate": true,
          "setState": Object {
            "skipsComponentDidUpdateOnNullish": true,
          },
        },
      },
    },
    Symbol(enzyme.__providerValues__): undefined,
  },
  Symbol(enzyme.__providerValues__): Map {},
}
`;
